###############################################################################
#
# IAR ELF Linker V9.10.1.308/W64 for ARM                  26/May/2021  21:50:15
# Copyright 2007-2021 IAR Systems AB.
#
#    Output file  =
#        D:\STM32\Project_L1\RFID_coder\EWARM\RFID_coder\Exe\RFID_coder.out
#    Map file     =
#        D:\STM32\Project_L1\RFID_coder\EWARM\RFID_coder\List\RFID_coder.map
#    Command line =
#        -f
#        D:\STM32\Project_L1\RFID_coder\EWARM\RFID_coder\Exe\RFID_coder.out.rsp
#        (D:\STM32\Project_L1\RFID_coder\EWARM\RFID_coder\Obj\Application\User\Core\main.o
#        D:\STM32\Project_L1\RFID_coder\EWARM\RFID_coder\Obj\Application\EWARM\startup_stm32l162xe.o
#        D:\STM32\Project_L1\RFID_coder\EWARM\RFID_coder\Obj\Drivers\STM32L1xx_HAL_Driver\stm32l1xx_hal.o
#        D:\STM32\Project_L1\RFID_coder\EWARM\RFID_coder\Obj\Drivers\STM32L1xx_HAL_Driver\stm32l1xx_hal_cortex.o
#        D:\STM32\Project_L1\RFID_coder\EWARM\RFID_coder\Obj\Drivers\STM32L1xx_HAL_Driver\stm32l1xx_hal_dma.o
#        D:\STM32\Project_L1\RFID_coder\EWARM\RFID_coder\Obj\Drivers\STM32L1xx_HAL_Driver\stm32l1xx_hal_exti.o
#        D:\STM32\Project_L1\RFID_coder\EWARM\RFID_coder\Obj\Drivers\STM32L1xx_HAL_Driver\stm32l1xx_hal_flash.o
#        D:\STM32\Project_L1\RFID_coder\EWARM\RFID_coder\Obj\Drivers\STM32L1xx_HAL_Driver\stm32l1xx_hal_flash_ex.o
#        D:\STM32\Project_L1\RFID_coder\EWARM\RFID_coder\Obj\Drivers\STM32L1xx_HAL_Driver\stm32l1xx_hal_flash_ramfunc.o
#        D:\STM32\Project_L1\RFID_coder\EWARM\RFID_coder\Obj\Drivers\STM32L1xx_HAL_Driver\stm32l1xx_hal_gpio.o
#        D:\STM32\Project_L1\RFID_coder\EWARM\RFID_coder\Obj\Application\User\Core\stm32l1xx_hal_msp.o
#        D:\STM32\Project_L1\RFID_coder\EWARM\RFID_coder\Obj\Drivers\STM32L1xx_HAL_Driver\stm32l1xx_hal_pwr.o
#        D:\STM32\Project_L1\RFID_coder\EWARM\RFID_coder\Obj\Drivers\STM32L1xx_HAL_Driver\stm32l1xx_hal_pwr_ex.o
#        D:\STM32\Project_L1\RFID_coder\EWARM\RFID_coder\Obj\Drivers\STM32L1xx_HAL_Driver\stm32l1xx_hal_rcc.o
#        D:\STM32\Project_L1\RFID_coder\EWARM\RFID_coder\Obj\Drivers\STM32L1xx_HAL_Driver\stm32l1xx_hal_rcc_ex.o
#        D:\STM32\Project_L1\RFID_coder\EWARM\RFID_coder\Obj\Drivers\STM32L1xx_HAL_Driver\stm32l1xx_hal_tim.o
#        D:\STM32\Project_L1\RFID_coder\EWARM\RFID_coder\Obj\Drivers\STM32L1xx_HAL_Driver\stm32l1xx_hal_tim_ex.o
#        D:\STM32\Project_L1\RFID_coder\EWARM\RFID_coder\Obj\Application\User\Core\stm32l1xx_it.o
#        D:\STM32\Project_L1\RFID_coder\EWARM\RFID_coder\Obj\Drivers\CMSIS\system_stm32l1xx.o
#        --no_out_extension -o
#        D:\STM32\Project_L1\RFID_coder\EWARM\RFID_coder\Exe\RFID_coder.out
#        --redirect _Printf=_PrintfFullNoMb --redirect _Scanf=_ScanfFullNoMb
#        --map
#        D:\STM32\Project_L1\RFID_coder\EWARM\RFID_coder\List\RFID_coder.map
#        --config D:\STM32\Project_L1\RFID_coder\EWARM/stm32l162xe_flash.icf
#        --semihosting --entry __iar_program_start --vfe --text_out locale)
#
###############################################################################

*******************************************************************************
*** RUNTIME MODEL ATTRIBUTES
***

CppFlavor       = *
__SystemLibrary = DLib
__dlib_version  = 6


*******************************************************************************
*** HEAP SELECTION
***

The basic heap was selected because no calls to memory allocation
functions were found in the application outside of system library
functions, and there are calls to deallocation functions in the
application.


*******************************************************************************
*** PLACEMENT SUMMARY
***

"A0":  place at address 0x800'0000 { ro section .intvec };
"P1":  place in [from 0x800'0000 to 0x807'ffff] { ro };
define block CSTACK with size = 1K, alignment = 8 { };
define block HEAP with size = 512, alignment = 8 { };
"P2":  place in [from 0x2000'0000 to 0x2001'3fff] {
          rw, block CSTACK, block HEAP };
initialize by copy { rw };

  Section            Kind         Address    Size  Object
  -------            ----         -------    ----  ------
"A0":                                       0x124
  .intvec            ro code   0x800'0000   0x124  startup_stm32l162xe.o [1]
                             - 0x800'0124   0x124

"P1":                                      0x19b7
  .text              ro code   0x800'0124   0x84a  stm32l1xx_hal_tim.o [4]
  .text              ro code   0x800'096e    0x3a  packbits_init_single.o [6]
  .text              ro code   0x800'09a8    0xec  stm32l1xx_hal_msp.o [2]
  .text              ro code   0x800'0a94     0x2  stm32l1xx_hal_tim.o [4]
  .text              ro code   0x800'0a96     0x2  stm32l1xx_hal_tim.o [4]
  .text              ro code   0x800'0a98     0x2  stm32l1xx_hal_tim.o [4]
  .text              ro code   0x800'0a9c   0x316  main.o [2]
  .text              ro code   0x800'0db2     0x2  stm32l1xx_hal_tim.o [4]
  .text              ro code   0x800'0db4     0x2  stm32l1xx_hal_tim.o [4]
  .text              ro code   0x800'0db8    0xc4  stm32l1xx_hal_cortex.o [4]
  .text              ro code   0x800'0e7c    0x14  memset.o [6]
  .text              ro code   0x800'0e90   0x1d0  stm32l1xx_hal_gpio.o [4]
  .text              ro code   0x800'1060    0x1e  stm32l1xx_hal.o [4]
  .text              ro code   0x800'1080    0x6c  stm32l1xx_hal_tim_ex.o [4]
  .text              ro code   0x800'10ec   0x624  stm32l1xx_hal_rcc.o [4]
  .text              ro code   0x800'1710    0x66  ABImemset.o [6]
  .text              ro code   0x800'1778    0x44  stm32l1xx_hal.o [4]
  .text              ro code   0x800'17bc     0xc  stm32l1xx_hal.o [4]
  .text              ro code   0x800'17c8   0x106  I64DivMod_small.o [6]
  .text              ro code   0x800'18d0     0x2  I64DivZer.o [6]
  .text              ro code   0x800'18d4    0x2c  system_stm32l1xx.o [3]
  .text              ro code   0x800'1900    0x28  data_init.o [6]
  .iar.init_table    const     0x800'1928    0x10  - Linker created -
  .text              ro code   0x800'1938    0x20  stm32l1xx_it.o [2]
  .text              ro code   0x800'1958    0x10  stm32l1xx_hal.o [4]
  .text              ro code   0x800'1968    0x1e  cmain.o [6]
  .text              ro code   0x800'1986     0x4  low_level_init.o [5]
  .text              ro code   0x800'198a     0x4  exit.o [5]
  .text              ro code   0x800'1990     0xa  cexit.o [6]
  .text              ro code   0x800'199c    0x14  exit.o [7]
  .text              ro code   0x800'19b0    0x1c  cstartup_M.o [6]
  .text              ro code   0x800'19cc    0x10  startup_stm32l162xe.o [1]
  .text              ro code   0x800'19dc     0x4  startup_stm32l162xe.o [1]
  .text              ro code   0x800'19e0     0x4  startup_stm32l162xe.o [1]
  .text              ro code   0x800'19e4     0x4  startup_stm32l162xe.o [1]
  .text              ro code   0x800'19e8     0x4  startup_stm32l162xe.o [1]
  .text              ro code   0x800'19ec     0x4  startup_stm32l162xe.o [1]
  .text              ro code   0x800'19f0     0x4  startup_stm32l162xe.o [1]
  .text              ro code   0x800'19f4     0x4  startup_stm32l162xe.o [1]
  .text              ro code   0x800'19f8     0x4  startup_stm32l162xe.o [1]
  .text              ro code   0x800'19fc     0x4  startup_stm32l162xe.o [1]
  .text              ro code   0x800'1a00     0x4  startup_stm32l162xe.o [1]
  .text              ro code   0x800'1a04     0x4  startup_stm32l162xe.o [1]
  .text              ro code   0x800'1a08     0x4  startup_stm32l162xe.o [1]
  .text              ro code   0x800'1a0c     0x4  startup_stm32l162xe.o [1]
  .text              ro code   0x800'1a10     0x4  startup_stm32l162xe.o [1]
  .text              ro code   0x800'1a14     0x4  startup_stm32l162xe.o [1]
  .text              ro code   0x800'1a18     0x4  startup_stm32l162xe.o [1]
  .text              ro code   0x800'1a1c     0x4  startup_stm32l162xe.o [1]
  .text              ro code   0x800'1a20     0x4  startup_stm32l162xe.o [1]
  .text              ro code   0x800'1a24     0x4  startup_stm32l162xe.o [1]
  .text              ro code   0x800'1a28     0x4  startup_stm32l162xe.o [1]
  .text              ro code   0x800'1a2c     0x4  startup_stm32l162xe.o [1]
  .text              ro code   0x800'1a30     0x4  startup_stm32l162xe.o [1]
  .text              ro code   0x800'1a34     0x4  startup_stm32l162xe.o [1]
  .text              ro code   0x800'1a38     0x4  startup_stm32l162xe.o [1]
  .text              ro code   0x800'1a3c     0x4  startup_stm32l162xe.o [1]
  .text              ro code   0x800'1a40     0x4  startup_stm32l162xe.o [1]
  .text              ro code   0x800'1a44     0x4  startup_stm32l162xe.o [1]
  .text              ro code   0x800'1a48     0x4  startup_stm32l162xe.o [1]
  .text              ro code   0x800'1a4c     0x4  startup_stm32l162xe.o [1]
  .text              ro code   0x800'1a50     0x4  startup_stm32l162xe.o [1]
  .text              ro code   0x800'1a54     0x4  startup_stm32l162xe.o [1]
  .text              ro code   0x800'1a58     0x4  startup_stm32l162xe.o [1]
  .text              ro code   0x800'1a5c     0x4  startup_stm32l162xe.o [1]
  .text              ro code   0x800'1a60     0x4  startup_stm32l162xe.o [1]
  .text              ro code   0x800'1a64     0x4  startup_stm32l162xe.o [1]
  .text              ro code   0x800'1a68     0x4  startup_stm32l162xe.o [1]
  .text              ro code   0x800'1a6c     0x4  startup_stm32l162xe.o [1]
  .text              ro code   0x800'1a70     0x4  startup_stm32l162xe.o [1]
  .text              ro code   0x800'1a74     0x4  startup_stm32l162xe.o [1]
  .text              ro code   0x800'1a78     0x4  startup_stm32l162xe.o [1]
  .text              ro code   0x800'1a7c     0x4  startup_stm32l162xe.o [1]
  .text              ro code   0x800'1a80     0x4  startup_stm32l162xe.o [1]
  .text              ro code   0x800'1a84     0x4  startup_stm32l162xe.o [1]
  .text              ro code   0x800'1a88     0x4  startup_stm32l162xe.o [1]
  .text              ro code   0x800'1a8c     0x4  startup_stm32l162xe.o [1]
  .text              ro code   0x800'1a90     0x4  startup_stm32l162xe.o [1]
  .text              ro code   0x800'1a94     0x4  startup_stm32l162xe.o [1]
  .text              ro code   0x800'1a98     0x4  startup_stm32l162xe.o [1]
  .text              ro code   0x800'1a9c     0x4  startup_stm32l162xe.o [1]
  .text              ro code   0x800'1aa0     0x4  startup_stm32l162xe.o [1]
  .text              ro code   0x800'1aa4     0x4  startup_stm32l162xe.o [1]
  .text              ro code   0x800'1aa8     0x4  startup_stm32l162xe.o [1]
  .text              ro code   0x800'1aac     0x4  startup_stm32l162xe.o [1]
  .text              ro code   0x800'1ab0     0x4  startup_stm32l162xe.o [1]
  .text              ro code   0x800'1ab4     0x4  startup_stm32l162xe.o [1]
  .rodata            const     0x800'1ab8     0x0  packbits_init_single.o [6]
  Initializer bytes  const     0x800'1ab8    0x23  <for P2-1>
                             - 0x800'1adb  0x19b7

"P2", part 1 of 2:                           0xa8
  P2-1                        0x2000'0000    0xa8  <Init block>
    .data            inited   0x2000'0000    0x97  main.o [2]
    .data            inited   0x2000'0098     0xc  stm32l1xx_hal.o [4]
    .data            inited   0x2000'00a4     0x4  system_stm32l1xx.o [3]
                            - 0x2000'00a8    0xa8

"P2", part 2 of 2:                          0x400
  CSTACK                      0x2000'00a8   0x400  <Block>
    CSTACK           uninit   0x2000'00a8   0x400  <Block tail>
                            - 0x2000'04a8   0x400

Unused ranges:

         From           To      Size
         ----           --      ----
   0x800'1adb   0x807'ffff  0x7'e525
  0x2000'04a8  0x2001'3fff  0x1'3b58


*******************************************************************************
*** INIT TABLE
***

          Address      Size
          -------      ----
Copy/packbits (__iar_packbits_init_single3)
    1 source range, total size 0x23 (20% of destination):
           0x800'1ab8  0x23
    1 destination range, total size 0xa8:
          0x2000'0000  0xa8



*******************************************************************************
*** MODULE SUMMARY
***

    Module                  ro code  ro data  rw data
    ------                  -------  -------  -------
command line/config:
    -------------------------------------------------
    Total:

D:\STM32\Project_L1\RFID_coder\EWARM\RFID_coder\Obj\Application\EWARM: [1]
    startup_stm32l162xe.o       528
    -------------------------------------------------
    Total:                      528

D:\STM32\Project_L1\RFID_coder\EWARM\RFID_coder\Obj\Application\User\Core: [2]
    main.o                      790       31      151
    stm32l1xx_hal_msp.o         236
    stm32l1xx_it.o               32
    -------------------------------------------------
    Total:                    1'058       31      151

D:\STM32\Project_L1\RFID_coder\EWARM\RFID_coder\Obj\Drivers\CMSIS: [3]
    system_stm32l1xx.o           44        1        4
    -------------------------------------------------
    Total:                       44        1        4

D:\STM32\Project_L1\RFID_coder\EWARM\RFID_coder\Obj\Drivers\STM32L1xx_HAL_Driver: [4]
    stm32l1xx_hal.o             126        3       12
    stm32l1xx_hal_cortex.o      196
    stm32l1xx_hal_gpio.o        464
    stm32l1xx_hal_rcc.o       1'572
    stm32l1xx_hal_tim.o       2'132
    stm32l1xx_hal_tim_ex.o      108
    -------------------------------------------------
    Total:                    4'598        3       12

dl7M_tln.a: [5]
    exit.o                        4
    low_level_init.o              4
    -------------------------------------------------
    Total:                        8

rt7M_tl.a: [6]
    ABImemset.o                 102
    I64DivMod_small.o           262
    I64DivZer.o                   2
    cexit.o                      10
    cmain.o                      30
    cstartup_M.o                 28
    data_init.o                  40
    memset.o                     20
    packbits_init_single.o       58
    -------------------------------------------------
    Total:                      552

shb_l.a: [7]
    exit.o                       20
    -------------------------------------------------
    Total:                       20

    Gaps                         16                 1
    Linker created                        16    1'024
-----------------------------------------------------
    Grand Total:              6'824       51    1'192


*******************************************************************************
*** ENTRY LIST
***

Entry                       Address   Size  Type      Object
-----                       -------   ----  ----      ------
.iar.init_table$$Base    0x800'1928          --   Gb  - Linker created -
.iar.init_table$$Limit   0x800'1938          --   Gb  - Linker created -
?main                    0x800'1969         Code  Gb  cmain.o [6]
AHBPrescTable            0x800'18f0   0x10  Data  Gb  system_stm32l1xx.o [3]
BusFault_Handler         0x800'193f    0x2  Code  Gb  stm32l1xx_it.o [2]
CSTACK$$Base            0x2000'00a8          --   Gb  - Linker created -
CSTACK$$Limit           0x2000'04a8          --   Gb  - Linker created -
DebugMon_Handler         0x800'1945    0x2  Code  Gb  stm32l1xx_it.o [2]
Error_Handler            0x800'0daf    0x4  Code  Gb  main.o [2]
HAL_GPIO_Init            0x800'0e91  0x1a0  Code  Gb  stm32l1xx_hal_gpio.o [4]
HAL_GPIO_WritePin        0x800'1031    0x8  Code  Gb  stm32l1xx_hal_gpio.o [4]
HAL_GetTick              0x800'17bd    0xc  Code  Gb  stm32l1xx_hal.o [4]
HAL_IncTick              0x800'1959   0x10  Code  Gb  stm32l1xx_hal.o [4]
HAL_Init                 0x800'1061   0x1e  Code  Gb  stm32l1xx_hal.o [4]
HAL_InitTick             0x800'1779   0x44  Code  Gb  stm32l1xx_hal.o [4]
HAL_MspInit              0x800'09a9   0x3e  Code  Gb  stm32l1xx_hal_msp.o [2]
HAL_NVIC_EnableIRQ       0x800'0e27   0x16  Code  Gb  stm32l1xx_hal_cortex.o [4]
HAL_NVIC_SetPriority     0x800'0ded   0x3a  Code  Gb  stm32l1xx_hal_cortex.o [4]
HAL_NVIC_SetPriorityGrouping
                         0x800'0dd3   0x1a  Code  Gb  stm32l1xx_hal_cortex.o [4]
HAL_RCC_ClockConfig      0x800'14a7  0x138  Code  Gb  stm32l1xx_hal_rcc.o [4]
HAL_RCC_GetSysClockFreq
                         0x800'1609   0x5e  Code  Gb  stm32l1xx_hal_rcc.o [4]
HAL_RCC_OscConfig        0x800'10ed  0x3a0  Code  Gb  stm32l1xx_hal_rcc.o [4]
HAL_SYSTICK_Config       0x800'0e3d   0x28  Code  Gb  stm32l1xx_hal_cortex.o [4]
HAL_TIMEx_MasterConfigSynchronization
                         0x800'1081   0x5e  Code  Gb  stm32l1xx_hal_tim_ex.o [4]
HAL_TIM_Base_Init        0x800'0125   0x1a  Code  Gb  stm32l1xx_hal_tim.o [4]
HAL_TIM_Base_MspInit     0x800'09e7   0x4e  Code  Gb  stm32l1xx_hal_msp.o [2]
HAL_TIM_Base_Start       0x800'013f   0x4a  Code  Gb  stm32l1xx_hal_tim.o [4]
HAL_TIM_Base_Start_IT    0x800'0189   0x54  Code  Gb  stm32l1xx_hal_tim.o [4]
HAL_TIM_ConfigClockSource
                         0x800'0633   0x92  Code  Gb  stm32l1xx_hal_tim.o [4]
HAL_TIM_IC_CaptureCallback
                         0x800'0a99    0x2  Code  Gb  stm32l1xx_hal_tim.o [4]
HAL_TIM_IRQHandler       0x800'0411  0x10e  Code  Gb  stm32l1xx_hal_tim.o [4]
HAL_TIM_MspPostInit      0x800'0a35   0x4a  Code  Gb  stm32l1xx_hal_msp.o [2]
HAL_TIM_OC_ConfigChannel
                         0x800'0525   0x48  Code  Gb  stm32l1xx_hal_tim.o [4]
HAL_TIM_OC_DelayElapsedCallback
                         0x800'0d57   0x3c  Code  Gb  main.o [2]
HAL_TIM_OC_DelayElapsedCallback::start_flag_CMP
                        0x2000'0096    0x1  Data  Lc  main.o [2]
HAL_TIM_OC_Init          0x800'01dd   0x18  Code  Gb  stm32l1xx_hal_tim.o [4]
HAL_TIM_OC_MspInit       0x800'0a95    0x2  Code  Gb  stm32l1xx_hal_tim.o [4]
HAL_TIM_OC_Start_IT      0x800'022b   0xa0  Code  Gb  stm32l1xx_hal_tim.o [4]
HAL_TIM_PWM_ConfigChannel
                         0x800'056d   0xb2  Code  Gb  stm32l1xx_hal_tim.o [4]
HAL_TIM_PWM_Init         0x800'02cb   0x1a  Code  Gb  stm32l1xx_hal_tim.o [4]
HAL_TIM_PWM_MspInit      0x800'0a97    0x2  Code  Gb  stm32l1xx_hal_tim.o [4]
HAL_TIM_PWM_PulseFinishedCallback
                         0x800'0db5    0x2  Code  Gb  stm32l1xx_hal_tim.o [4]
HAL_TIM_PWM_Start_IT     0x800'02ed   0xa0  Code  Gb  stm32l1xx_hal_tim.o [4]
HAL_TIM_PeriodElapsedCallback
                         0x800'0d21   0x36  Code  Gb  main.o [2]
HAL_TIM_PeriodElapsedCallback::start_flag_UIF
                        0x2000'0095    0x1  Data  Lc  main.o [2]
HAL_TIM_SlaveConfigSynchro
                         0x800'06d7   0x1e  Code  Gb  stm32l1xx_hal_tim.o [4]
HAL_TIM_TriggerCallback
                         0x800'0db3    0x2  Code  Gb  stm32l1xx_hal_tim.o [4]
HardFault_Handler        0x800'193b    0x2  Code  Gb  stm32l1xx_it.o [2]
MemManage_Handler        0x800'193d    0x2  Code  Gb  stm32l1xx_it.o [2]
NMI_Handler              0x800'1939    0x2  Code  Gb  stm32l1xx_it.o [2]
PLLMulTable              0x800'18e4    0xc  Data  Gb  system_stm32l1xx.o [3]
PendSV_Handler           0x800'1947    0x2  Code  Gb  stm32l1xx_it.o [2]
RCC_SetFlashLatencyFromMSIRange
                         0x800'1667   0x7a  Code  Lc  stm32l1xx_hal_rcc.o [4]
RFID_buff               0x2000'0080   0x10  Data  Gb  main.o [2]
Region$$Table$$Base      0x800'1928          --   Gb  - Linker created -
Region$$Table$$Limit     0x800'1938          --   Gb  - Linker created -
SVC_Handler              0x800'1943    0x2  Code  Gb  stm32l1xx_it.o [2]
SysTick_Handler          0x800'1949    0x4  Code  Gb  stm32l1xx_it.o [2]
SystemClock_Config       0x800'0cb5   0x6c  Code  Gb  main.o [2]
SystemCoreClock         0x2000'00a4    0x4  Data  Gb  system_stm32l1xx.o [3]
SystemInit               0x800'18d5    0xa  Code  Gb  system_stm32l1xx.o [3]
TIM3_IRQHandler          0x800'194d    0x6  Code  Gb  stm32l1xx_it.o [2]
TIM3_IRQ_cnt            0x2000'0091    0x1  Data  Gb  main.o [2]
TIM_Base_SetConfig       0x800'073f   0x68  Code  Lc  stm32l1xx_hal_tim.o [4]
TIM_CCxChannelCmd        0x800'0953   0x16  Code  Lc  stm32l1xx_hal_tim.o [4]
TIM_ETR_SetConfig        0x800'093f   0x14  Code  Lc  stm32l1xx_hal_tim.o [4]
TIM_ITRx_SetConfig       0x800'092f   0x10  Code  Lc  stm32l1xx_hal_tim.o [4]
TIM_OC1_SetConfig        0x800'07a7   0x2c  Code  Lc  stm32l1xx_hal_tim.o [4]
TIM_OC2_SetConfig        0x800'07d3   0x26  Code  Lc  stm32l1xx_hal_tim.o [4]
TIM_OC3_SetConfig        0x800'07f9   0x2e  Code  Lc  stm32l1xx_hal_tim.o [4]
TIM_OC4_SetConfig        0x800'0827   0x26  Code  Lc  stm32l1xx_hal_tim.o [4]
TIM_SlaveTimer_SetConfig
                         0x800'085d   0x72  Code  Lc  stm32l1xx_hal_tim.o [4]
TIM_TI1_ConfigInputStage
                         0x800'08ed   0x1e  Code  Lc  stm32l1xx_hal_tim.o [4]
TIM_TI2_ConfigInputStage
                         0x800'090b   0x24  Code  Lc  stm32l1xx_hal_tim.o [4]
UsageFault_Handler       0x800'1941    0x2  Code  Gb  stm32l1xx_it.o [2]
__NVIC_SetPriority       0x800'0db9   0x1a  Code  Lc  stm32l1xx_hal_cortex.o [4]
__aeabi_ldiv0            0x800'18d1         Code  Gb  I64DivZer.o [6]
__aeabi_memset           0x800'1711         Code  Gb  ABImemset.o [6]
__cmain                  0x800'1969         Code  Gb  cmain.o [6]
__exit                   0x800'199d   0x14  Code  Gb  exit.o [7]
__iar_Memset             0x800'1711         Code  Gb  ABImemset.o [6]
__iar_Memset_word        0x800'1719         Code  Gb  ABImemset.o [6]
__iar_data_init3         0x800'1901   0x28  Code  Gb  data_init.o [6]
__iar_packbits_init_single3
                         0x800'096f   0x3a  Code  Gb  packbits_init_single.o [6]
__iar_program_start      0x800'19b1         Code  Gb  cstartup_M.o [6]
__iar_small_uldivmod     0x800'17c9         Code  Gb  I64DivMod_small.o [6]
__low_level_init         0x800'1987    0x4  Code  Gb  low_level_init.o [5]
__vector_table           0x800'0000         Data  Gb  startup_stm32l162xe.o [1]
_call_main               0x800'1975         Code  Gb  cmain.o [6]
_exit                    0x800'1991         Code  Gb  cexit.o [6]
bits_counter            0x2000'0093    0x1  Data  Gb  main.o [2]
bytes_counter           0x2000'0094    0x1  Data  Gb  main.o [2]
exit                     0x800'198b    0x4  Code  Gb  exit.o [5]
htim2                   0x2000'0000   0x40  Data  Gb  main.o [2]
htim3                   0x2000'0040   0x40  Data  Gb  main.o [2]
main                     0x800'0a9d  0x204  Code  Gb  main.o [2]
memset                   0x800'0e7d   0x14  Code  Gb  memset.o [6]
shift_bit               0x2000'0090    0x1  Data  Gb  main.o [2]
shift_reg               0x2000'0092    0x1  Data  Gb  main.o [2]
uwTick                  0x2000'0098    0x4  Data  Gb  stm32l1xx_hal.o [4]
uwTickFreq              0x2000'00a0    0x4  Data  Gb  stm32l1xx_hal.o [4]
uwTickPrio              0x2000'009c    0x4  Data  Gb  stm32l1xx_hal.o [4]


[1] = D:\STM32\Project_L1\RFID_coder\EWARM\RFID_coder\Obj\Application\EWARM
[2] = D:\STM32\Project_L1\RFID_coder\EWARM\RFID_coder\Obj\Application\User\Core
[3] = D:\STM32\Project_L1\RFID_coder\EWARM\RFID_coder\Obj\Drivers\CMSIS
[4] = D:\STM32\Project_L1\RFID_coder\EWARM\RFID_coder\Obj\Drivers\STM32L1xx_HAL_Driver
[5] = dl7M_tln.a
[6] = rt7M_tl.a
[7] = shb_l.a

  6'824 bytes of readonly  code memory
     51 bytes of readonly  data memory
  1'192 bytes of readwrite data memory

Errors: none
Warnings: none
